Archive member included to satisfy reference by file (symbol)

/Prj/esp8266/Tapparelle/build/bootloader/main/libmain.a(bootloader_start.o)
                              (call_start_cpu)
/Prj/esp8266/Tapparelle/build/bootloader/bootloader_support/libbootloader_support.a(bootloader_init.o)
                              /Prj/esp8266/Tapparelle/build/bootloader/main/libmain.a(bootloader_start.o) (bootloader_init)
/Prj/esp8266/Tapparelle/build/bootloader/bootloader_support/libbootloader_support.a(bootloader_utility.o)
                              /Prj/esp8266/Tapparelle/build/bootloader/main/libmain.a(bootloader_start.o) (bootloader_utility_load_partition_table)
/Prj/esp8266/Tapparelle/build/bootloader/bootloader_support/libbootloader_support.a(bootloader_common.o)
                              /Prj/esp8266/Tapparelle/build/bootloader/bootloader_support/libbootloader_support.a(bootloader_utility.o) (bootloader_common_ota_select_valid)
/Prj/esp8266/Tapparelle/build/bootloader/bootloader_support/libbootloader_support.a(flash_partitions.o)
                              /Prj/esp8266/Tapparelle/build/bootloader/bootloader_support/libbootloader_support.a(bootloader_utility.o) (esp_partition_table_basic_verify)
/Prj/esp8266/Tapparelle/build/bootloader/bootloader_support/libbootloader_support.a(esp_image_format.o)
                              /Prj/esp8266/Tapparelle/build/bootloader/bootloader_support/libbootloader_support.a(bootloader_utility.o) (esp_image_load)
/Prj/esp8266/Tapparelle/build/bootloader/bootloader_support/libbootloader_support.a(bootloader_sha.o)
                              /Prj/esp8266/Tapparelle/build/bootloader/bootloader_support/libbootloader_support.a(esp_image_format.o) (bootloader_sha256_start)
/Prj/esp8266/Tapparelle/build/bootloader/bootloader_support/libbootloader_support.a(bootloader_flash.o)
                              /Prj/esp8266/Tapparelle/build/bootloader/bootloader_support/libbootloader_support.a(bootloader_utility.o) (bootloader_mmap)
/Prj/esp8266/Tapparelle/build/bootloader/spi_flash/libspi_flash.a(spi_flash.o)
                              /Prj/esp8266/Tapparelle/build/bootloader/bootloader_support/libbootloader_support.a(flash_partitions.o) (flashchip)
/Prj/esp8266/Tapparelle/build/bootloader/spi_flash/libspi_flash.a(spi_flash_raw.o)
                              /Prj/esp8266/Tapparelle/build/bootloader/spi_flash/libspi_flash.a(spi_flash.o) (spi_flash_get_id_raw)
/Prj/esp8266/Tapparelle/build/bootloader/log/liblog.a(log.o)
                              /Prj/esp8266/Tapparelle/build/bootloader/main/libmain.a(bootloader_start.o) (esp_early_log_write)
/Prj/esp8266/Tapparelle/build/bootloader/esp8266/libesp8266.a(ets_printf.o)
                              /Prj/esp8266/Tapparelle/build/bootloader/log/liblog.a(log.o) (ets_vprintf)
/Prj/esp8266/Tapparelle/build/bootloader/util/libutil.a(crc.o)
                              /Prj/esp8266/Tapparelle/build/bootloader/bootloader_support/libbootloader_support.a(bootloader_common.o) (crc32_le)
/root/esp/xtensa-lx106-elf/bin/../lib/gcc/xtensa-lx106-elf/5.2.0/libgcc.a(_udivsi3.o)
                              /Prj/esp8266/Tapparelle/build/bootloader/spi_flash/libspi_flash.a(spi_flash.o) (__udivsi3)
/root/esp/xtensa-lx106-elf/bin/../lib/gcc/xtensa-lx106-elf/5.2.0/libgcc.a(_umodsi3.o)
                              /Prj/esp8266/Tapparelle/build/bootloader/bootloader_support/libbootloader_support.a(bootloader_utility.o) (__umodsi3)

Allocating common symbols
Common symbol       size              file

esp_image_spi_freq_t
                    0x4               /Prj/esp8266/Tapparelle/build/bootloader/main/libmain.a(bootloader_start.o)

Discarded input sections

 .text          0x0000000000000000        0x0 /Prj/esp8266/Tapparelle/build/bootloader/main/libmain.a(bootloader_start.o)
 .data          0x0000000000000000        0x0 /Prj/esp8266/Tapparelle/build/bootloader/main/libmain.a(bootloader_start.o)
 .bss           0x0000000000000000        0x0 /Prj/esp8266/Tapparelle/build/bootloader/main/libmain.a(bootloader_start.o)
 .xt.lit        0x0000000000000000       0x18 /Prj/esp8266/Tapparelle/build/bootloader/main/libmain.a(bootloader_start.o)
 .xt.prop       0x0000000000000000       0xe4 /Prj/esp8266/Tapparelle/build/bootloader/main/libmain.a(bootloader_start.o)
 COMMON         0x0000000000000000        0x4 /Prj/esp8266/Tapparelle/build/bootloader/main/libmain.a(bootloader_start.o)
 .text          0x0000000000000000        0x0 /Prj/esp8266/Tapparelle/build/bootloader/bootloader_support/libbootloader_support.a(bootloader_init.o)
 .data          0x0000000000000000        0x0 /Prj/esp8266/Tapparelle/build/bootloader/bootloader_support/libbootloader_support.a(bootloader_init.o)
 .bss           0x0000000000000000        0x0 /Prj/esp8266/Tapparelle/build/bootloader/bootloader_support/libbootloader_support.a(bootloader_init.o)
 .xt.lit        0x0000000000000000       0x28 /Prj/esp8266/Tapparelle/build/bootloader/bootloader_support/libbootloader_support.a(bootloader_init.o)
 .xt.prop       0x0000000000000000      0x258 /Prj/esp8266/Tapparelle/build/bootloader/bootloader_support/libbootloader_support.a(bootloader_init.o)
 .text          0x0000000000000000        0x0 /Prj/esp8266/Tapparelle/build/bootloader/bootloader_support/libbootloader_support.a(bootloader_utility.o)
 .data          0x0000000000000000        0x0 /Prj/esp8266/Tapparelle/build/bootloader/bootloader_support/libbootloader_support.a(bootloader_utility.o)
 .bss           0x0000000000000000        0x0 /Prj/esp8266/Tapparelle/build/bootloader/bootloader_support/libbootloader_support.a(bootloader_utility.o)
 .xt.lit        0x0000000000000000       0x30 /Prj/esp8266/Tapparelle/build/bootloader/bootloader_support/libbootloader_support.a(bootloader_utility.o)
 .xt.prop       0x0000000000000000      0x504 /Prj/esp8266/Tapparelle/build/bootloader/bootloader_support/libbootloader_support.a(bootloader_utility.o)
 .text          0x0000000000000000        0x0 /Prj/esp8266/Tapparelle/build/bootloader/bootloader_support/libbootloader_support.a(bootloader_common.o)
 .data          0x0000000000000000        0x0 /Prj/esp8266/Tapparelle/build/bootloader/bootloader_support/libbootloader_support.a(bootloader_common.o)
 .bss           0x0000000000000000        0x0 /Prj/esp8266/Tapparelle/build/bootloader/bootloader_support/libbootloader_support.a(bootloader_common.o)
 .xt.lit        0x0000000000000000       0x10 /Prj/esp8266/Tapparelle/build/bootloader/bootloader_support/libbootloader_support.a(bootloader_common.o)
 .xt.prop       0x0000000000000000       0x90 /Prj/esp8266/Tapparelle/build/bootloader/bootloader_support/libbootloader_support.a(bootloader_common.o)
 .text          0x0000000000000000        0x0 /Prj/esp8266/Tapparelle/build/bootloader/bootloader_support/libbootloader_support.a(flash_partitions.o)
 .data          0x0000000000000000        0x0 /Prj/esp8266/Tapparelle/build/bootloader/bootloader_support/libbootloader_support.a(flash_partitions.o)
 .bss           0x0000000000000000        0x0 /Prj/esp8266/Tapparelle/build/bootloader/bootloader_support/libbootloader_support.a(flash_partitions.o)
 .xt.lit        0x0000000000000000        0x8 /Prj/esp8266/Tapparelle/build/bootloader/bootloader_support/libbootloader_support.a(flash_partitions.o)
 .xt.prop       0x0000000000000000       0xfc /Prj/esp8266/Tapparelle/build/bootloader/bootloader_support/libbootloader_support.a(flash_partitions.o)
 .literal.esp_image_verify_bootloader
                0x0000000000000000        0x8 /Prj/esp8266/Tapparelle/build/bootloader/bootloader_support/libbootloader_support.a(esp_image_format.o)
 .text          0x0000000000000000        0x0 /Prj/esp8266/Tapparelle/build/bootloader/bootloader_support/libbootloader_support.a(esp_image_format.o)
 .data          0x0000000000000000        0x0 /Prj/esp8266/Tapparelle/build/bootloader/bootloader_support/libbootloader_support.a(esp_image_format.o)
 .bss           0x0000000000000000        0x0 /Prj/esp8266/Tapparelle/build/bootloader/bootloader_support/libbootloader_support.a(esp_image_format.o)
 .text.esp_image_verify_bootloader
                0x0000000000000000       0x41 /Prj/esp8266/Tapparelle/build/bootloader/bootloader_support/libbootloader_support.a(esp_image_format.o)
 .xt.lit        0x0000000000000000       0x50 /Prj/esp8266/Tapparelle/build/bootloader/bootloader_support/libbootloader_support.a(esp_image_format.o)
 .xt.prop       0x0000000000000000      0x5d0 /Prj/esp8266/Tapparelle/build/bootloader/bootloader_support/libbootloader_support.a(esp_image_format.o)
 .text          0x0000000000000000        0x0 /Prj/esp8266/Tapparelle/build/bootloader/bootloader_support/libbootloader_support.a(bootloader_sha.o)
 .data          0x0000000000000000        0x0 /Prj/esp8266/Tapparelle/build/bootloader/bootloader_support/libbootloader_support.a(bootloader_sha.o)
 .bss           0x0000000000000000        0x0 /Prj/esp8266/Tapparelle/build/bootloader/bootloader_support/libbootloader_support.a(bootloader_sha.o)
 .xt.lit        0x0000000000000000       0x20 /Prj/esp8266/Tapparelle/build/bootloader/bootloader_support/libbootloader_support.a(bootloader_sha.o)
 .xt.prop       0x0000000000000000      0x1a4 /Prj/esp8266/Tapparelle/build/bootloader/bootloader_support/libbootloader_support.a(bootloader_sha.o)
 .literal.bootloader_flash_write
                0x0000000000000000       0x28 /Prj/esp8266/Tapparelle/build/bootloader/bootloader_support/libbootloader_support.a(bootloader_flash.o)
 .literal.bootloader_flash_erase_sector
                0x0000000000000000        0x4 /Prj/esp8266/Tapparelle/build/bootloader/bootloader_support/libbootloader_support.a(bootloader_flash.o)
 .text          0x0000000000000000        0x0 /Prj/esp8266/Tapparelle/build/bootloader/bootloader_support/libbootloader_support.a(bootloader_flash.o)
 .data          0x0000000000000000        0x0 /Prj/esp8266/Tapparelle/build/bootloader/bootloader_support/libbootloader_support.a(bootloader_flash.o)
 .bss           0x0000000000000000        0x0 /Prj/esp8266/Tapparelle/build/bootloader/bootloader_support/libbootloader_support.a(bootloader_flash.o)
 .text.bootloader_flash_write
                0x0000000000000000       0x9d /Prj/esp8266/Tapparelle/build/bootloader/bootloader_support/libbootloader_support.a(bootloader_flash.o)
 .text.bootloader_flash_erase_sector
                0x0000000000000000       0x15 /Prj/esp8266/Tapparelle/build/bootloader/bootloader_support/libbootloader_support.a(bootloader_flash.o)
 .xt.lit        0x0000000000000000       0x30 /Prj/esp8266/Tapparelle/build/bootloader/bootloader_support/libbootloader_support.a(bootloader_flash.o)
 .xt.prop       0x0000000000000000      0x204 /Prj/esp8266/Tapparelle/build/bootloader/bootloader_support/libbootloader_support.a(bootloader_flash.o)
 .literal.spi_flash_program
                0x0000000000000000       0x20 /Prj/esp8266/Tapparelle/build/bootloader/spi_flash/libspi_flash.a(spi_flash.o)
 .literal.__spi_flash_write
                0x0000000000000000        0x8 /Prj/esp8266/Tapparelle/build/bootloader/spi_flash/libspi_flash.a(spi_flash.o)
 .literal.__spi_flash_read
                0x0000000000000000       0x10 /Prj/esp8266/Tapparelle/build/bootloader/spi_flash/libspi_flash.a(spi_flash.o)
 .literal.spi_flash_write_status
                0x0000000000000000        0xc /Prj/esp8266/Tapparelle/build/bootloader/spi_flash/libspi_flash.a(spi_flash.o)
 .literal.spi_flash_check_wr_protect
                0x0000000000000000       0x4c /Prj/esp8266/Tapparelle/build/bootloader/spi_flash/libspi_flash.a(spi_flash.o)
 .literal.spi_flash_erase_sector
                0x0000000000000000       0x18 /Prj/esp8266/Tapparelle/build/bootloader/spi_flash/libspi_flash.a(spi_flash.o)
 .literal.spi_flash_read
                0x0000000000000000       0x24 /Prj/esp8266/Tapparelle/build/bootloader/spi_flash/libspi_flash.a(spi_flash.o)
 .literal.spi_flash_write
                0x0000000000000000       0x3c /Prj/esp8266/Tapparelle/build/bootloader/spi_flash/libspi_flash.a(spi_flash.o)
 .literal.spi_flash_erase_range
                0x0000000000000000       0x10 /Prj/esp8266/Tapparelle/build/bootloader/spi_flash/libspi_flash.a(spi_flash.o)
 .text          0x0000000000000000        0x0 /Prj/esp8266/Tapparelle/build/bootloader/spi_flash/libspi_flash.a(spi_flash.o)
 .data          0x0000000000000000        0x0 /Prj/esp8266/Tapparelle/build/bootloader/spi_flash/libspi_flash.a(spi_flash.o)
 .bss           0x0000000000000000        0x0 /Prj/esp8266/Tapparelle/build/bootloader/spi_flash/libspi_flash.a(spi_flash.o)
 .text.spi_flash_program
                0x0000000000000000       0xcb /Prj/esp8266/Tapparelle/build/bootloader/spi_flash/libspi_flash.a(spi_flash.o)
 .text.__spi_flash_write
                0x0000000000000000       0x23 /Prj/esp8266/Tapparelle/build/bootloader/spi_flash/libspi_flash.a(spi_flash.o)
 .text.__spi_flash_read
                0x0000000000000000       0x31 /Prj/esp8266/Tapparelle/build/bootloader/spi_flash/libspi_flash.a(spi_flash.o)
 .text.spi_flash_write_status
                0x0000000000000000       0x2a /Prj/esp8266/Tapparelle/build/bootloader/spi_flash/libspi_flash.a(spi_flash.o)
 .text.spi_flash_check_wr_protect
                0x0000000000000000      0x161 /Prj/esp8266/Tapparelle/build/bootloader/spi_flash/libspi_flash.a(spi_flash.o)
 .text.spi_flash_erase_sector
                0x0000000000000000       0x56 /Prj/esp8266/Tapparelle/build/bootloader/spi_flash/libspi_flash.a(spi_flash.o)
 .text.spi_flash_read
                0x0000000000000000      0x110 /Prj/esp8266/Tapparelle/build/bootloader/spi_flash/libspi_flash.a(spi_flash.o)
 .text.spi_flash_write
                0x0000000000000000      0x170 /Prj/esp8266/Tapparelle/build/bootloader/spi_flash/libspi_flash.a(spi_flash.o)
 .text.spi_flash_erase_range
                0x0000000000000000       0x6d /Prj/esp8266/Tapparelle/build/bootloader/spi_flash/libspi_flash.a(spi_flash.o)
 .xt.lit        0x0000000000000000       0xc0 /Prj/esp8266/Tapparelle/build/bootloader/spi_flash/libspi_flash.a(spi_flash.o)
 .xt.prop       0x0000000000000000      0xb1c /Prj/esp8266/Tapparelle/build/bootloader/spi_flash/libspi_flash.a(spi_flash.o)
 .literal.spi_flash_write_status_raw
                0x0000000000000000       0x1c /Prj/esp8266/Tapparelle/build/bootloader/spi_flash/libspi_flash.a(spi_flash_raw.o)
 .literal.spi_flash_erase_sector_raw
                0x0000000000000000       0x14 /Prj/esp8266/Tapparelle/build/bootloader/spi_flash/libspi_flash.a(spi_flash_raw.o)
 .literal.spi_flash_write_raw
                0x0000000000000000        0xc /Prj/esp8266/Tapparelle/build/bootloader/spi_flash/libspi_flash.a(spi_flash_raw.o)
 .literal.spi_flash_read_raw
                0x0000000000000000        0xc /Prj/esp8266/Tapparelle/build/bootloader/spi_flash/libspi_flash.a(spi_flash_raw.o)
 .text          0x0000000000000000        0x0 /Prj/esp8266/Tapparelle/build/bootloader/spi_flash/libspi_flash.a(spi_flash_raw.o)
 .data          0x0000000000000000        0x0 /Prj/esp8266/Tapparelle/build/bootloader/spi_flash/libspi_flash.a(spi_flash_raw.o)
 .bss           0x0000000000000000        0x0 /Prj/esp8266/Tapparelle/build/bootloader/spi_flash/libspi_flash.a(spi_flash_raw.o)
 .text.spi_flash_write_status_raw
                0x0000000000000000       0x5c /Prj/esp8266/Tapparelle/build/bootloader/spi_flash/libspi_flash.a(spi_flash_raw.o)
 .text.spi_flash_erase_sector_raw
                0x0000000000000000       0x54 /Prj/esp8266/Tapparelle/build/bootloader/spi_flash/libspi_flash.a(spi_flash_raw.o)
 .text.spi_flash_write_raw
                0x0000000000000000       0x43 /Prj/esp8266/Tapparelle/build/bootloader/spi_flash/libspi_flash.a(spi_flash_raw.o)
 .text.spi_flash_read_raw
                0x0000000000000000       0x43 /Prj/esp8266/Tapparelle/build/bootloader/spi_flash/libspi_flash.a(spi_flash_raw.o)
 .xt.lit        0x0000000000000000       0x58 /Prj/esp8266/Tapparelle/build/bootloader/spi_flash/libspi_flash.a(spi_flash_raw.o)
 .xt.prop       0x0000000000000000      0x360 /Prj/esp8266/Tapparelle/build/bootloader/spi_flash/libspi_flash.a(spi_flash_raw.o)
 .text          0x0000000000000000        0x0 /Prj/esp8266/Tapparelle/build/bootloader/log/liblog.a(log.o)
 .data          0x0000000000000000        0x0 /Prj/esp8266/Tapparelle/build/bootloader/log/liblog.a(log.o)
 .bss           0x0000000000000000        0x0 /Prj/esp8266/Tapparelle/build/bootloader/log/liblog.a(log.o)
 .xt.lit        0x0000000000000000        0x8 /Prj/esp8266/Tapparelle/build/bootloader/log/liblog.a(log.o)
 .xt.prop       0x0000000000000000       0xb4 /Prj/esp8266/Tapparelle/build/bootloader/log/liblog.a(log.o)
 .text          0x0000000000000000        0x0 /Prj/esp8266/Tapparelle/build/bootloader/esp8266/libesp8266.a(ets_printf.o)
 .data          0x0000000000000000        0x0 /Prj/esp8266/Tapparelle/build/bootloader/esp8266/libesp8266.a(ets_printf.o)
 .bss           0x0000000000000000        0x0 /Prj/esp8266/Tapparelle/build/bootloader/esp8266/libesp8266.a(ets_printf.o)
 .xt.lit        0x0000000000000000       0x20 /Prj/esp8266/Tapparelle/build/bootloader/esp8266/libesp8266.a(ets_printf.o)
 .xt.prop       0x0000000000000000       0xcc /Prj/esp8266/Tapparelle/build/bootloader/esp8266/libesp8266.a(ets_printf.o)
 .literal.crc16_le
                0x0000000000000000        0x4 /Prj/esp8266/Tapparelle/build/bootloader/util/libutil.a(crc.o)
 .literal.esp_crc8
                0x0000000000000000        0x4 /Prj/esp8266/Tapparelle/build/bootloader/util/libutil.a(crc.o)
 .text          0x0000000000000000        0x0 /Prj/esp8266/Tapparelle/build/bootloader/util/libutil.a(crc.o)
 .data          0x0000000000000000        0x0 /Prj/esp8266/Tapparelle/build/bootloader/util/libutil.a(crc.o)
 .bss           0x0000000000000000        0x0 /Prj/esp8266/Tapparelle/build/bootloader/util/libutil.a(crc.o)
 .text.crc16_le
                0x0000000000000000       0x39 /Prj/esp8266/Tapparelle/build/bootloader/util/libutil.a(crc.o)
 .text.esp_crc8
                0x0000000000000000       0x21 /Prj/esp8266/Tapparelle/build/bootloader/util/libutil.a(crc.o)
 .rodata.crc8_le_table
                0x0000000000000000      0x100 /Prj/esp8266/Tapparelle/build/bootloader/util/libutil.a(crc.o)
 .rodata.crc16_le_table
                0x0000000000000000      0x200 /Prj/esp8266/Tapparelle/build/bootloader/util/libutil.a(crc.o)
 .xt.lit        0x0000000000000000       0x18 /Prj/esp8266/Tapparelle/build/bootloader/util/libutil.a(crc.o)
 .xt.prop       0x0000000000000000       0xfc /Prj/esp8266/Tapparelle/build/bootloader/util/libutil.a(crc.o)
 .data          0x0000000000000000        0x0 /root/esp/xtensa-lx106-elf/bin/../lib/gcc/xtensa-lx106-elf/5.2.0/libgcc.a(_udivsi3.o)
 .bss           0x0000000000000000        0x0 /root/esp/xtensa-lx106-elf/bin/../lib/gcc/xtensa-lx106-elf/5.2.0/libgcc.a(_udivsi3.o)
 .xt.prop       0x0000000000000000       0x9c /root/esp/xtensa-lx106-elf/bin/../lib/gcc/xtensa-lx106-elf/5.2.0/libgcc.a(_udivsi3.o)
 .data          0x0000000000000000        0x0 /root/esp/xtensa-lx106-elf/bin/../lib/gcc/xtensa-lx106-elf/5.2.0/libgcc.a(_umodsi3.o)
 .bss           0x0000000000000000        0x0 /root/esp/xtensa-lx106-elf/bin/../lib/gcc/xtensa-lx106-elf/5.2.0/libgcc.a(_umodsi3.o)
 .xt.prop       0x0000000000000000       0x78 /root/esp/xtensa-lx106-elf/bin/../lib/gcc/xtensa-lx106-elf/5.2.0/libgcc.a(_umodsi3.o)

Memory Configuration

Name             Origin             Length             Attributes
dport0_seg       0x000000003ff00000 0x0000000000000010
dram_seg         0x000000003ffe8000 0x0000000000018000
iram_seg         0x0000000040100000 0x0000000000008000
*default*        0x0000000000000000 0xffffffffffffffff

Linker script and memory map

START GROUP
LOAD /Prj/esp8266/Tapparelle/build/bootloader/main/libmain.a
LOAD /Prj/esp8266/Tapparelle/build/bootloader/bootloader_support/libbootloader_support.a
LOAD /Prj/esp8266/Tapparelle/build/bootloader/spi_flash/libspi_flash.a
LOAD /Prj/esp8266/Tapparelle/build/bootloader/log/liblog.a
LOAD /Prj/esp8266/Tapparelle/build/bootloader/esp8266/libesp8266.a
LOAD /Prj/esp8266/Tapparelle/build/bootloader/util/libutil.a
LOAD /root/esp/xtensa-lx106-elf/bin/../lib/gcc/xtensa-lx106-elf/5.2.0/libgcc.a
LOAD /root/esp/xtensa-lx106-elf/bin/../lib/gcc/xtensa-lx106-elf/5.2.0/../../../../xtensa-lx106-elf/lib/libstdc++.a
LOAD /root/esp/xtensa-lx106-elf/bin/../lib/gcc/xtensa-lx106-elf/5.2.0/libgcov.a
END GROUP

.text           0x0000000040100000     0x2342
                0x0000000040100000                _stext = .
                0x0000000040100000                _text_start = ABSOLUTE (.)
                0x0000000040100000                . = ALIGN (0x10)
 *(.entry.text)
 *(.init.literal)
 *(.init)
 *(.literal .text .literal.* .text.* .stub .gnu.warning .gnu.linkonce.literal.* .gnu.linkonce.t.*.literal .gnu.linkonce.t.*)
 .literal.selected_boot_partition
                0x0000000040100000        0x0 /Prj/esp8266/Tapparelle/build/bootloader/main/libmain.a(bootloader_start.o)
                                          0x4 (size before relaxing)
 .literal.select_image
                0x0000000040100000        0xc /Prj/esp8266/Tapparelle/build/bootloader/main/libmain.a(bootloader_start.o)
                                         0x1c (size before relaxing)
 .literal.call_start_cpu
                0x000000004010000c        0x0 /Prj/esp8266/Tapparelle/build/bootloader/main/libmain.a(bootloader_start.o)
                                          0xc (size before relaxing)
 .literal.print_flash_info
                0x000000004010000c       0x5c /Prj/esp8266/Tapparelle/build/bootloader/bootloader_support/libbootloader_support.a(bootloader_init.o)
                                         0x7c (size before relaxing)
 .literal.uart_console_configure
                0x0000000040100068        0x4 /Prj/esp8266/Tapparelle/build/bootloader/bootloader_support/libbootloader_support.a(bootloader_init.o)
 .literal.update_flash_config
                0x000000004010006c        0x4 /Prj/esp8266/Tapparelle/build/bootloader/bootloader_support/libbootloader_support.a(bootloader_init.o)
                                         0x10 (size before relaxing)
 .literal.bootloader_main
                0x0000000040100070       0x10 /Prj/esp8266/Tapparelle/build/bootloader/bootloader_support/libbootloader_support.a(bootloader_init.o)
                                         0x30 (size before relaxing)
 .literal.bootloader_init
                0x0000000040100080        0x8 /Prj/esp8266/Tapparelle/build/bootloader/bootloader_support/libbootloader_support.a(bootloader_init.o)
                                         0x10 (size before relaxing)
 .literal.log_invalid_app_partition
                0x0000000040100088       0x14 /Prj/esp8266/Tapparelle/build/bootloader/bootloader_support/libbootloader_support.a(bootloader_utility.o)
                                         0x20 (size before relaxing)
 .literal.try_load_partition
                0x000000004010009c        0x8 /Prj/esp8266/Tapparelle/build/bootloader/bootloader_support/libbootloader_support.a(bootloader_utility.o)
                                         0x18 (size before relaxing)
 .literal.bootloader_utility_load_partition_table
                0x00000000401000a4       0x54 /Prj/esp8266/Tapparelle/build/bootloader/bootloader_support/libbootloader_support.a(bootloader_utility.o)
                                         0x88 (size before relaxing)
 .literal.bootloader_utility_get_selected_boot_partition
                0x00000000401000f8       0x34 /Prj/esp8266/Tapparelle/build/bootloader/bootloader_support/libbootloader_support.a(bootloader_utility.o)
                                         0x88 (size before relaxing)
 .literal.bootloader_utility_load_boot_image
                0x000000004010012c       0x10 /Prj/esp8266/Tapparelle/build/bootloader/bootloader_support/libbootloader_support.a(bootloader_utility.o)
                                         0x4c (size before relaxing)
 .literal.bootloader_utility_load_image
                0x000000004010013c       0x14 /Prj/esp8266/Tapparelle/build/bootloader/bootloader_support/libbootloader_support.a(bootloader_utility.o)
                                         0x1c (size before relaxing)
 .literal.bootloader_common_ota_select_crc
                0x0000000040100150        0x0 /Prj/esp8266/Tapparelle/build/bootloader/bootloader_support/libbootloader_support.a(bootloader_common.o)
                                          0x4 (size before relaxing)
 .literal.bootloader_common_ota_select_valid
                0x0000000040100150        0x0 /Prj/esp8266/Tapparelle/build/bootloader/bootloader_support/libbootloader_support.a(bootloader_common.o)
                                          0x4 (size before relaxing)
 .literal.esp_partition_table_basic_verify
                0x0000000040100150       0x20 /Prj/esp8266/Tapparelle/build/bootloader/bootloader_support/libbootloader_support.a(flash_partitions.o)
                                         0x34 (size before relaxing)
 .literal.should_map
                0x0000000040100170        0x4 /Prj/esp8266/Tapparelle/build/bootloader/bootloader_support/libbootloader_support.a(esp_image_format.o)
                                          0x8 (size before relaxing)
 .literal.should_load
                0x0000000040100174        0x0 /Prj/esp8266/Tapparelle/build/bootloader/bootloader_support/libbootloader_support.a(esp_image_format.o)
                                          0x4 (size before relaxing)
 .literal.verify_image_header
                0x0000000040100174       0x14 /Prj/esp8266/Tapparelle/build/bootloader/bootloader_support/libbootloader_support.a(esp_image_format.o)
                                         0x20 (size before relaxing)
 .literal.debug_log_hash
                0x0000000040100188        0x4 /Prj/esp8266/Tapparelle/build/bootloader/bootloader_support/libbootloader_support.a(esp_image_format.o)
                                          0xc (size before relaxing)
 .literal.process_segment_data
                0x000000004010018c        0x8 /Prj/esp8266/Tapparelle/build/bootloader/bootloader_support/libbootloader_support.a(esp_image_format.o)
                                         0x18 (size before relaxing)
 .literal.verify_checksum
                0x0000000040100194        0x8 /Prj/esp8266/Tapparelle/build/bootloader/bootloader_support/libbootloader_support.a(esp_image_format.o)
                                         0x20 (size before relaxing)
 .literal.process_segment
                0x000000004010019c       0x1c /Prj/esp8266/Tapparelle/build/bootloader/bootloader_support/libbootloader_support.a(esp_image_format.o)
                                         0x4c (size before relaxing)
 .literal.verify_simple_hash
                0x00000000401001b8       0x10 /Prj/esp8266/Tapparelle/build/bootloader/bootloader_support/libbootloader_support.a(esp_image_format.o)
                                         0x34 (size before relaxing)
 .literal.esp_image_load
                0x00000000401001c8       0x24 /Prj/esp8266/Tapparelle/build/bootloader/bootloader_support/libbootloader_support.a(esp_image_format.o)
                                         0x78 (size before relaxing)
 .literal.internal_sha256_process
                0x00000000401001ec        0x4 /Prj/esp8266/Tapparelle/build/bootloader/bootloader_support/libbootloader_support.a(bootloader_sha.o)
 .literal.bootloader_sha256_start
                0x00000000401001f0       0x24 /Prj/esp8266/Tapparelle/build/bootloader/bootloader_support/libbootloader_support.a(bootloader_sha.o)
                                         0x28 (size before relaxing)
 .literal.bootloader_sha256_data
                0x0000000040100214        0x0 /Prj/esp8266/Tapparelle/build/bootloader/bootloader_support/libbootloader_support.a(bootloader_sha.o)
                                         0x10 (size before relaxing)
 .literal.bootloader_sha256_finish
                0x0000000040100214        0x4 /Prj/esp8266/Tapparelle/build/bootloader/bootloader_support/libbootloader_support.a(bootloader_sha.o)
                                          0xc (size before relaxing)
 .literal.bootloader_flash_read_no_decrypt
                0x0000000040100218        0x4 /Prj/esp8266/Tapparelle/build/bootloader/bootloader_support/libbootloader_support.a(bootloader_flash.o)
 .literal.bootloader_mmap
                0x000000004010021c       0x14 /Prj/esp8266/Tapparelle/build/bootloader/bootloader_support/libbootloader_support.a(bootloader_flash.o)
                                         0x28 (size before relaxing)
 .literal.bootloader_munmap
                0x0000000040100230        0x0 /Prj/esp8266/Tapparelle/build/bootloader/bootloader_support/libbootloader_support.a(bootloader_flash.o)
                                          0x8 (size before relaxing)
 .literal.bootloader_flash_read
                0x0000000040100230        0xc /Prj/esp8266/Tapparelle/build/bootloader/bootloader_support/libbootloader_support.a(bootloader_flash.o)
                                         0x20 (size before relaxing)
 .literal.spi_user_cmd
                0x000000004010023c        0x4 /Prj/esp8266/Tapparelle/build/bootloader/spi_flash/libspi_flash.a(spi_flash.o)
                                          0xc (size before relaxing)
 .literal.special_flash_read_status
                0x0000000040100240        0x0 /Prj/esp8266/Tapparelle/build/bootloader/spi_flash/libspi_flash.a(spi_flash.o)
                                          0x4 (size before relaxing)
 .literal.flash_gd25q32c_read_status
                0x0000000040100240        0x0 /Prj/esp8266/Tapparelle/build/bootloader/spi_flash/libspi_flash.a(spi_flash.o)
                                          0x4 (size before relaxing)
 .literal.special_flash_write_status
                0x0000000040100240        0x0 /Prj/esp8266/Tapparelle/build/bootloader/spi_flash/libspi_flash.a(spi_flash.o)
                                          0x8 (size before relaxing)
 .literal.spi_flash_enable_qio_bit6
                0x0000000040100240        0x0 /Prj/esp8266/Tapparelle/build/bootloader/spi_flash/libspi_flash.a(spi_flash.o)
                                          0x4 (size before relaxing)
 .literal.flash_gd25q32c_write_status
                0x0000000040100240        0x0 /Prj/esp8266/Tapparelle/build/bootloader/spi_flash/libspi_flash.a(spi_flash.o)
                                          0x4 (size before relaxing)
 .literal.flash_gd25q32c_enable_QIO_mode
                0x0000000040100240        0x0 /Prj/esp8266/Tapparelle/build/bootloader/spi_flash/libspi_flash.a(spi_flash.o)
                                          0xc (size before relaxing)
 .literal.en25q16x_read_sfdp
                0x0000000040100240        0x4 /Prj/esp8266/Tapparelle/build/bootloader/spi_flash/libspi_flash.a(spi_flash.o)
                                          0x8 (size before relaxing)
 .literal.spi_flash_get_id
                0x0000000040100244        0x0 /Prj/esp8266/Tapparelle/build/bootloader/spi_flash/libspi_flash.a(spi_flash.o)
                                          0xc (size before relaxing)
 .literal.spi_flash_read_status
                0x0000000040100244        0x0 /Prj/esp8266/Tapparelle/build/bootloader/spi_flash/libspi_flash.a(spi_flash.o)
                                          0xc (size before relaxing)
 .literal.spi_flash_issi_enable_QIO_mode
                0x0000000040100244        0x0 /Prj/esp8266/Tapparelle/build/bootloader/spi_flash/libspi_flash.a(spi_flash.o)
                                          0xc (size before relaxing)
 .literal.special_flash_set_mode
                0x0000000040100244        0x0 /Prj/esp8266/Tapparelle/build/bootloader/spi_flash/libspi_flash.a(spi_flash.o)
                                          0x8 (size before relaxing)
 .literal.en25q16x_write_volatile_status
                0x0000000040100244        0x0 /Prj/esp8266/Tapparelle/build/bootloader/spi_flash/libspi_flash.a(spi_flash.o)
                                         0x14 (size before relaxing)
 .literal.user_spi_flash_dio_to_qio_pre_init
                0x0000000040100244       0x10 /Prj/esp8266/Tapparelle/build/bootloader/spi_flash/libspi_flash.a(spi_flash.o)
                                         0x34 (size before relaxing)
 .literal.esp_spi_flash_init
                0x0000000040100254       0x18 /Prj/esp8266/Tapparelle/build/bootloader/spi_flash/libspi_flash.a(spi_flash.o)
                                         0x1c (size before relaxing)
 .literal.Cache_Read_Disable_2
                0x000000004010026c        0xc /Prj/esp8266/Tapparelle/build/bootloader/spi_flash/libspi_flash.a(spi_flash_raw.o)
                                         0x10 (size before relaxing)
 .literal.Cache_Read_Enable_2
                0x0000000040100278        0x4 /Prj/esp8266/Tapparelle/build/bootloader/spi_flash/libspi_flash.a(spi_flash_raw.o)
                                          0xc (size before relaxing)
 .literal.spi_flash_get_id_raw
                0x000000004010027c       0x10 /Prj/esp8266/Tapparelle/build/bootloader/spi_flash/libspi_flash.a(spi_flash_raw.o)
                                         0x1c (size before relaxing)
 .literal.spi_flash_read_status_raw
                0x000000004010028c        0x4 /Prj/esp8266/Tapparelle/build/bootloader/spi_flash/libspi_flash.a(spi_flash_raw.o)
                                          0xc (size before relaxing)
 .literal.spi_flash_enable_qmode_raw
                0x0000000040100290        0x4 /Prj/esp8266/Tapparelle/build/bootloader/spi_flash/libspi_flash.a(spi_flash_raw.o)
                                         0x10 (size before relaxing)
 .literal.spi_user_cmd_raw
                0x0000000040100294       0x64 /Prj/esp8266/Tapparelle/build/bootloader/spi_flash/libspi_flash.a(spi_flash_raw.o)
                                         0x8c (size before relaxing)
 .literal.spi_flash_switch_to_qio_raw
                0x00000000401002f8        0x8 /Prj/esp8266/Tapparelle/build/bootloader/spi_flash/libspi_flash.a(spi_flash_raw.o)
                                          0xc (size before relaxing)
 .literal.uart_putc
                0x0000000040100300        0xc /Prj/esp8266/Tapparelle/build/bootloader/esp8266/libesp8266.a(ets_printf.o)
 .literal.ets_putc
                0x000000004010030c        0x0 /Prj/esp8266/Tapparelle/build/bootloader/esp8266/libesp8266.a(ets_printf.o)
                                          0x8 (size before relaxing)
 .literal.ets_vprintf
                0x000000004010030c        0x8 /Prj/esp8266/Tapparelle/build/bootloader/esp8266/libesp8266.a(ets_printf.o)
 .literal.ets_printf
                0x0000000040100314        0x0 /Prj/esp8266/Tapparelle/build/bootloader/esp8266/libesp8266.a(ets_printf.o)
                                          0x4 (size before relaxing)
 .literal.crc32_le
                0x0000000040100314        0x4 /Prj/esp8266/Tapparelle/build/bootloader/util/libutil.a(crc.o)
 .iram1.literal
                0x0000000040100318       0x20 /Prj/esp8266/Tapparelle/build/bootloader/log/liblog.a(log.o)
                                         0x38 (size before relaxing)
 .text.selected_boot_partition
                0x0000000040100338        0xf /Prj/esp8266/Tapparelle/build/bootloader/main/libmain.a(bootloader_start.o)
                                         0x13 (size before relaxing)
 *fill*         0x0000000040100347        0x1 
 .text.select_image
                0x0000000040100348       0x68 /Prj/esp8266/Tapparelle/build/bootloader/main/libmain.a(bootloader_start.o)
                                         0x70 (size before relaxing)
 .text.call_start_cpu
                0x00000000401003b0       0x26 /Prj/esp8266/Tapparelle/build/bootloader/main/libmain.a(bootloader_start.o)
                                         0x2e (size before relaxing)
                0x00000000401003b0                call_start_cpu
 *fill*         0x00000000401003d6        0x2 
 .text.print_flash_info
                0x00000000401003d8      0x118 /Prj/esp8266/Tapparelle/build/bootloader/bootloader_support/libbootloader_support.a(bootloader_init.o)
                                        0x12c (size before relaxing)
 .text.uart_console_configure
                0x00000000401004f0       0x17 /Prj/esp8266/Tapparelle/build/bootloader/bootloader_support/libbootloader_support.a(bootloader_init.o)
 *fill*         0x0000000040100507        0x1 
 .text.update_flash_config
                0x0000000040100508       0x25 /Prj/esp8266/Tapparelle/build/bootloader/bootloader_support/libbootloader_support.a(bootloader_init.o)
                                         0x29 (size before relaxing)
 *fill*         0x000000004010052d        0x3 
 .text.bootloader_main
                0x0000000040100530       0x5e /Prj/esp8266/Tapparelle/build/bootloader/bootloader_support/libbootloader_support.a(bootloader_init.o)
                                         0x72 (size before relaxing)
 *fill*         0x000000004010058e        0x2 
 .text.bootloader_init
                0x0000000040100590       0x25 /Prj/esp8266/Tapparelle/build/bootloader/bootloader_support/libbootloader_support.a(bootloader_init.o)
                                         0x29 (size before relaxing)
                0x0000000040100590                bootloader_init
 *fill*         0x00000000401005b5        0x3 
 .text.log_invalid_app_partition
                0x00000000401005b8       0x4b /Prj/esp8266/Tapparelle/build/bootloader/bootloader_support/libbootloader_support.a(bootloader_utility.o)
                                         0x53 (size before relaxing)
 *fill*         0x0000000040100603        0x1 
 .text.try_load_partition
                0x0000000040100604       0x48 /Prj/esp8266/Tapparelle/build/bootloader/bootloader_support/libbootloader_support.a(bootloader_utility.o)
                                         0x50 (size before relaxing)
 .text.bootloader_utility_load_partition_table
                0x000000004010064c      0x1a8 /Prj/esp8266/Tapparelle/build/bootloader/bootloader_support/libbootloader_support.a(bootloader_utility.o)
                                        0x1c4 (size before relaxing)
                0x000000004010064c                bootloader_utility_load_partition_table
 .text.bootloader_utility_get_selected_boot_partition
                0x00000000401007f4      0x18f /Prj/esp8266/Tapparelle/build/bootloader/bootloader_support/libbootloader_support.a(bootloader_utility.o)
                                        0x1bb (size before relaxing)
                0x00000000401007f4                bootloader_utility_get_selected_boot_partition
 *fill*         0x0000000040100983        0x1 
 .text.bootloader_utility_load_boot_image
                0x0000000040100984       0xf6 /Prj/esp8266/Tapparelle/build/bootloader/bootloader_support/libbootloader_support.a(bootloader_utility.o)
                                        0x11e (size before relaxing)
                0x0000000040100984                bootloader_utility_load_boot_image
 *fill*         0x0000000040100a7a        0x2 
 .text.bootloader_utility_load_image
                0x0000000040100a7c       0x69 /Prj/esp8266/Tapparelle/build/bootloader/bootloader_support/libbootloader_support.a(bootloader_utility.o)
                0x0000000040100a7c                bootloader_utility_load_image
 *fill*         0x0000000040100ae5        0x3 
 .text.bootloader_common_ota_select_crc
                0x0000000040100ae8       0x18 /Prj/esp8266/Tapparelle/build/bootloader/bootloader_support/libbootloader_support.a(bootloader_common.o)
                0x0000000040100ae8                bootloader_common_ota_select_crc
 .text.bootloader_common_ota_select_valid
                0x0000000040100b00       0x2c /Prj/esp8266/Tapparelle/build/bootloader/bootloader_support/libbootloader_support.a(bootloader_common.o)
                0x0000000040100b00                bootloader_common_ota_select_valid
 .text.esp_partition_table_basic_verify
                0x0000000040100b2c       0xf7 /Prj/esp8266/Tapparelle/build/bootloader/bootloader_support/libbootloader_support.a(flash_partitions.o)
                                         0xfb (size before relaxing)
                0x0000000040100b2c                esp_partition_table_basic_verify
 *fill*         0x0000000040100c23        0x1 
 .text.should_map
                0x0000000040100c24       0x15 /Prj/esp8266/Tapparelle/build/bootloader/bootloader_support/libbootloader_support.a(esp_image_format.o)
 *fill*         0x0000000040100c39        0x3 
 .text.should_load
                0x0000000040100c3c       0x19 /Prj/esp8266/Tapparelle/build/bootloader/bootloader_support/libbootloader_support.a(esp_image_format.o)
                                         0x1d (size before relaxing)
 *fill*         0x0000000040100c55        0x3 
 .text.verify_image_header
                0x0000000040100c58       0x7d /Prj/esp8266/Tapparelle/build/bootloader/bootloader_support/libbootloader_support.a(esp_image_format.o)
                                         0x85 (size before relaxing)
 *fill*         0x0000000040100cd5        0x3 
 .text.debug_log_hash
                0x0000000040100cd8       0x71 /Prj/esp8266/Tapparelle/build/bootloader/bootloader_support/libbootloader_support.a(esp_image_format.o)
 *fill*         0x0000000040100d49        0x3 
 .text.process_segment_data
                0x0000000040100d4c       0x9b /Prj/esp8266/Tapparelle/build/bootloader/bootloader_support/libbootloader_support.a(esp_image_format.o)
                                         0x9f (size before relaxing)
 *fill*         0x0000000040100de7        0x1 
 .text.verify_checksum
                0x0000000040100de8       0xa9 /Prj/esp8266/Tapparelle/build/bootloader/bootloader_support/libbootloader_support.a(esp_image_format.o)
                                         0xb1 (size before relaxing)
 *fill*         0x0000000040100e91        0x3 
 .text.process_segment
                0x0000000040100e94      0x13a /Prj/esp8266/Tapparelle/build/bootloader/bootloader_support/libbootloader_support.a(esp_image_format.o)
                                        0x14a (size before relaxing)
 *fill*         0x0000000040100fce        0x2 
 .text.verify_simple_hash
                0x0000000040100fd0       0x8a /Prj/esp8266/Tapparelle/build/bootloader/bootloader_support/libbootloader_support.a(esp_image_format.o)
                                         0x9a (size before relaxing)
 *fill*         0x000000004010105a        0x2 
 .text.esp_image_load
                0x000000004010105c      0x248 /Prj/esp8266/Tapparelle/build/bootloader/bootloader_support/libbootloader_support.a(esp_image_format.o)
                                        0x274 (size before relaxing)
                0x000000004010105c                esp_image_load
 .text.internal_sha256_process
                0x00000000401012a4      0x17a /Prj/esp8266/Tapparelle/build/bootloader/bootloader_support/libbootloader_support.a(bootloader_sha.o)
 *fill*         0x000000004010141e        0x2 
 .text.bootloader_sha256_start
                0x0000000040101420       0x4b /Prj/esp8266/Tapparelle/build/bootloader/bootloader_support/libbootloader_support.a(bootloader_sha.o)
                0x0000000040101420                bootloader_sha256_start
 *fill*         0x000000004010146b        0x1 
 .text.bootloader_sha256_data
                0x000000004010146c       0x9d /Prj/esp8266/Tapparelle/build/bootloader/bootloader_support/libbootloader_support.a(bootloader_sha.o)
                                         0xa1 (size before relaxing)
                0x000000004010146c                bootloader_sha256_data
 *fill*         0x0000000040101509        0x3 
 .text.bootloader_sha256_finish
                0x000000004010150c      0x13c /Prj/esp8266/Tapparelle/build/bootloader/bootloader_support/libbootloader_support.a(bootloader_sha.o)
                                        0x140 (size before relaxing)
                0x000000004010150c                bootloader_sha256_finish
 .text.bootloader_flash_read_no_decrypt
                0x0000000040101648       0x15 /Prj/esp8266/Tapparelle/build/bootloader/bootloader_support/libbootloader_support.a(bootloader_flash.o)
 *fill*         0x000000004010165d        0x3 
 .text.bootloader_mmap
                0x0000000040101660       0x63 /Prj/esp8266/Tapparelle/build/bootloader/bootloader_support/libbootloader_support.a(bootloader_flash.o)
                                         0x67 (size before relaxing)
                0x0000000040101660                bootloader_mmap
 *fill*         0x00000000401016c3        0x1 
 .text.bootloader_munmap
                0x00000000401016c4       0x23 /Prj/esp8266/Tapparelle/build/bootloader/bootloader_support/libbootloader_support.a(bootloader_flash.o)
                0x00000000401016c4                bootloader_munmap
 *fill*         0x00000000401016e7        0x1 
 .text.bootloader_flash_read
                0x00000000401016e8       0x62 /Prj/esp8266/Tapparelle/build/bootloader/bootloader_support/libbootloader_support.a(bootloader_flash.o)
                                         0x65 (size before relaxing)
                0x00000000401016e8                bootloader_flash_read
 *fill*         0x000000004010174a        0x2 
 .text.spi_user_cmd
                0x000000004010174c       0x4d /Prj/esp8266/Tapparelle/build/bootloader/spi_flash/libspi_flash.a(spi_flash.o)
                0x000000004010174c                spi_user_cmd
 *fill*         0x0000000040101799        0x3 
 .text.special_flash_read_status
                0x000000004010179c       0x39 /Prj/esp8266/Tapparelle/build/bootloader/spi_flash/libspi_flash.a(spi_flash.o)
                                         0x3d (size before relaxing)
                0x000000004010179c                special_flash_read_status
 *fill*         0x00000000401017d5        0x3 
 .text.flash_gd25q32c_read_status
                0x00000000401017d8       0x33 /Prj/esp8266/Tapparelle/build/bootloader/spi_flash/libspi_flash.a(spi_flash.o)
 *fill*         0x000000004010180b        0x1 
 .text.special_flash_write_status
                0x000000004010180c       0x59 /Prj/esp8266/Tapparelle/build/bootloader/spi_flash/libspi_flash.a(spi_flash.o)
                                         0x61 (size before relaxing)
                0x000000004010180c                special_flash_write_status
 *fill*         0x0000000040101865        0x3 
 .text.spi_flash_enable_qio_bit6
                0x0000000040101868       0x17 /Prj/esp8266/Tapparelle/build/bootloader/spi_flash/libspi_flash.a(spi_flash.o)
                                         0x1b (size before relaxing)
 *fill*         0x000000004010187f        0x1 
 .text.flash_gd25q32c_write_status
                0x0000000040101880       0x30 /Prj/esp8266/Tapparelle/build/bootloader/spi_flash/libspi_flash.a(spi_flash.o)
 .text.flash_gd25q32c_enable_QIO_mode
                0x00000000401018b0       0x3e /Prj/esp8266/Tapparelle/build/bootloader/spi_flash/libspi_flash.a(spi_flash.o)
                                         0x46 (size before relaxing)
 *fill*         0x00000000401018ee        0x2 
 .text.en25q16x_read_sfdp
                0x00000000401018f0       0x43 /Prj/esp8266/Tapparelle/build/bootloader/spi_flash/libspi_flash.a(spi_flash.o)
                0x00000000401018f0                en25q16x_read_sfdp
 *fill*         0x0000000040101933        0x1 
 .text.spi_flash_get_id
                0x0000000040101934       0x26 /Prj/esp8266/Tapparelle/build/bootloader/spi_flash/libspi_flash.a(spi_flash.o)
                0x0000000040101934                spi_flash_get_id
 *fill*         0x000000004010195a        0x2 
 .text.spi_flash_read_status
                0x000000004010195c       0x28 /Prj/esp8266/Tapparelle/build/bootloader/spi_flash/libspi_flash.a(spi_flash.o)
                0x000000004010195c                spi_flash_read_status
 .text.spi_flash_issi_enable_QIO_mode
                0x0000000040101984       0x43 /Prj/esp8266/Tapparelle/build/bootloader/spi_flash/libspi_flash.a(spi_flash.o)
                                         0x4b (size before relaxing)
 *fill*         0x00000000401019c7        0x1 
 .text.special_flash_set_mode
                0x00000000401019c8       0x40 /Prj/esp8266/Tapparelle/build/bootloader/spi_flash/libspi_flash.a(spi_flash.o)
                                         0x44 (size before relaxing)
                0x00000000401019c8                special_flash_set_mode
 .text.en25q16x_write_volatile_status
                0x0000000040101a08       0x4f /Prj/esp8266/Tapparelle/build/bootloader/spi_flash/libspi_flash.a(spi_flash.o)
                                         0x5b (size before relaxing)
                0x0000000040101a08                en25q16x_write_volatile_status
 *fill*         0x0000000040101a57        0x1 
 .text.user_spi_flash_dio_to_qio_pre_init
                0x0000000040101a58       0xd1 /Prj/esp8266/Tapparelle/build/bootloader/spi_flash/libspi_flash.a(spi_flash.o)
                                         0xdd (size before relaxing)
                0x0000000040101a58                user_spi_flash_dio_to_qio_pre_init
 *fill*         0x0000000040101b29        0x3 
 .text.esp_spi_flash_init
                0x0000000040101b2c       0xb7 /Prj/esp8266/Tapparelle/build/bootloader/spi_flash/libspi_flash.a(spi_flash.o)
                0x0000000040101b2c                esp_spi_flash_init
 *fill*         0x0000000040101be3        0x1 
 .text.Cache_Read_Disable_2
                0x0000000040101be4       0x34 /Prj/esp8266/Tapparelle/build/bootloader/spi_flash/libspi_flash.a(spi_flash_raw.o)
                0x0000000040101be4                Cache_Read_Disable_2
 .text.Cache_Read_Enable_2
                0x0000000040101c18       0x28 /Prj/esp8266/Tapparelle/build/bootloader/spi_flash/libspi_flash.a(spi_flash_raw.o)
                0x0000000040101c18                Cache_Read_Enable_New
                0x0000000040101c18                Cache_Read_Enable_2
 .text.spi_flash_get_id_raw
                0x0000000040101c40       0x57 /Prj/esp8266/Tapparelle/build/bootloader/spi_flash/libspi_flash.a(spi_flash_raw.o)
                0x0000000040101c40                spi_flash_get_id_raw
 *fill*         0x0000000040101c97        0x1 
 .text.spi_flash_read_status_raw
                0x0000000040101c98       0x2f /Prj/esp8266/Tapparelle/build/bootloader/spi_flash/libspi_flash.a(spi_flash_raw.o)
                                         0x33 (size before relaxing)
                0x0000000040101c98                spi_flash_read_status_raw
 *fill*         0x0000000040101cc7        0x1 
 .text.spi_flash_enable_qmode_raw
                0x0000000040101cc8       0x33 /Prj/esp8266/Tapparelle/build/bootloader/spi_flash/libspi_flash.a(spi_flash_raw.o)
                                         0x37 (size before relaxing)
                0x0000000040101cc8                spi_flash_enable_qmode_raw
 *fill*         0x0000000040101cfb        0x1 
 .text.spi_user_cmd_raw
                0x0000000040101cfc      0x3d7 /Prj/esp8266/Tapparelle/build/bootloader/spi_flash/libspi_flash.a(spi_flash_raw.o)
                0x0000000040101cfc                spi_user_cmd_raw
 *fill*         0x00000000401020d3        0x1 
 .text.spi_flash_switch_to_qio_raw
                0x00000000401020d4       0x25 /Prj/esp8266/Tapparelle/build/bootloader/spi_flash/libspi_flash.a(spi_flash_raw.o)
                0x00000000401020d4                spi_flash_switch_to_qio_raw
 *fill*         0x00000000401020f9        0x3 
 .text.uart_putc
                0x00000000401020fc       0x21 /Prj/esp8266/Tapparelle/build/bootloader/esp8266/libesp8266.a(ets_printf.o)
 *fill*         0x000000004010211d        0x3 
 .text.ets_putc
                0x0000000040102120       0x27 /Prj/esp8266/Tapparelle/build/bootloader/esp8266/libesp8266.a(ets_printf.o)
                0x0000000040102120                ets_putc
 *fill*         0x0000000040102147        0x1 
 .text.ets_vprintf
                0x0000000040102148       0x1f /Prj/esp8266/Tapparelle/build/bootloader/esp8266/libesp8266.a(ets_printf.o)
                0x0000000040102148                ets_vprintf
 *fill*         0x0000000040102167        0x1 
 .text.ets_printf
                0x0000000040102168       0x27 /Prj/esp8266/Tapparelle/build/bootloader/esp8266/libesp8266.a(ets_printf.o)
                                         0x2b (size before relaxing)
                0x0000000040102168                ets_printf
 *fill*         0x000000004010218f        0x1 
 .text.crc32_le
                0x0000000040102190       0x2f /Prj/esp8266/Tapparelle/build/bootloader/util/libutil.a(crc.o)
                0x0000000040102190                crc32_le
 *fill*         0x00000000401021bf        0x0 
 *fill*         0x00000000401021bf        0x0 
 *fill*         0x00000000401021bf        0x0 
 *fill*         0x00000000401021bf        0x0 
 *fill*         0x00000000401021bf        0x0 
 *fill*         0x00000000401021bf        0x1 
 .text.index_to_partition
                0x00000000401021c0       0x4b /Prj/esp8266/Tapparelle/build/bootloader/bootloader_support/libbootloader_support.a(bootloader_utility.o)
 *fill*         0x000000004010220b        0x0 
 *fill*         0x000000004010220b        0x0 
 *fill*         0x000000004010220b        0x0 
 *fill*         0x000000004010220b        0x0 
 *fill*         0x000000004010220b        0x0 
 *fill*         0x000000004010220b        0x1 
 .text.verify_segment_header
                0x000000004010220c        0x4 /Prj/esp8266/Tapparelle/build/bootloader/bootloader_support/libbootloader_support.a(esp_image_format.o)
 *fill*         0x0000000040102210        0x0 
 *fill*         0x0000000040102210        0x0 
 *fill*         0x0000000040102210        0x0 
 *fill*         0x0000000040102210        0x0 
 *fill*         0x0000000040102210        0x0 
 *fill*         0x0000000040102210        0x0 
 *fill*         0x0000000040102210        0x0 
 *fill*         0x0000000040102210        0x0 
 *fill*         0x0000000040102210        0x0 
 *fill*         0x0000000040102210        0x0 
 *fill*         0x0000000040102210        0x0 
 *fill*         0x0000000040102210        0x0 
 *fill*         0x0000000040102210        0x0 
 *fill*         0x0000000040102210        0x0 
 *fill*         0x0000000040102210        0x0 
 *fill*         0x0000000040102210        0x0 
 *fill*         0x0000000040102210        0x0 
 *fill*         0x0000000040102210        0x0 
 *fill*         0x0000000040102210        0x0 
 *fill*         0x0000000040102210        0x0 
 *fill*         0x0000000040102210        0x0 
 *fill*         0x0000000040102210        0x0 
 *fill*         0x0000000040102210        0x0 
 *fill*         0x0000000040102210        0x0 
 *fill*         0x0000000040102210        0x0 
 *fill*         0x0000000040102210        0x0 
 *fill*         0x0000000040102210        0x0 
 *fill*         0x0000000040102210        0x0 
 *fill*         0x0000000040102210        0x0 
 *fill*         0x0000000040102210        0x0 
 *fill*         0x0000000040102210        0x0 
 *fill*         0x0000000040102210        0x0 
 *fill*         0x0000000040102210        0x0 
 *fill*         0x0000000040102210        0x0 
 *fill*         0x0000000040102210        0x0 
 *fill*         0x0000000040102210        0x0 
 *fill*         0x0000000040102210        0x0 
 .text          0x0000000040102210       0x4c /root/esp/xtensa-lx106-elf/bin/../lib/gcc/xtensa-lx106-elf/5.2.0/libgcc.a(_udivsi3.o)
                0x0000000040102210                __udivsi3
 .text          0x000000004010225c       0x39 /root/esp/xtensa-lx106-elf/bin/../lib/gcc/xtensa-lx106-elf/5.2.0/libgcc.a(_umodsi3.o)
                0x000000004010225c                __umodsi3
 *(.iram1 .iram1.*)
 *fill*         0x0000000040102295        0x3 
 .iram1         0x0000000040102298       0xaa /Prj/esp8266/Tapparelle/build/bootloader/log/liblog.a(log.o)
                                         0xb8 (size before relaxing)
                0x00000000401022b0                esp_early_log_write
 *fill*         0x0000000040102342        0x0 
 *(.fini.literal)
 *(.fini)
 *(.gnu.version)
                0x0000000040102342                _text_end = ABSOLUTE (.)
                0x0000000040102342                _etext = .

.bss            0x000000003ffe8000      0x470
                0x000000003ffe8000                . = ALIGN (0x8)
                0x000000003ffe8000                _bss_start = ABSOLUTE (.)
 *(.dynsbss)
 *(.sbss)
 *(.sbss.*)
 *(.gnu.linkonce.sb.*)
 *(.scommon)
 *(.sbss2)
 *(.sbss2.*)
 *(.gnu.linkonce.sb2.*)
 *(.dynbss)
 *(.bss)
 *(.bss.*)
 .bss.pbuf$3384
                0x000000003ffe8000      0x400 /Prj/esp8266/Tapparelle/build/bootloader/bootloader_support/libbootloader_support.a(esp_image_format.o)
 .bss.s_sha256  0x000000003ffe8400       0x68 /Prj/esp8266/Tapparelle/build/bootloader/bootloader_support/libbootloader_support.a(bootloader_sha.o)
 .bss.mapped    0x000000003ffe8468        0x1 /Prj/esp8266/Tapparelle/build/bootloader/bootloader_support/libbootloader_support.a(bootloader_flash.o)
 .bss.FlashIsOnGoing
                0x000000003ffe8469        0x1 /Prj/esp8266/Tapparelle/build/bootloader/spi_flash/libspi_flash.a(spi_flash.o)
                0x000000003ffe8469                FlashIsOnGoing
 *(.gnu.linkonce.b.*)
 *(COMMON)
                0x000000003ffe8470                . = ALIGN (0x8)
 *fill*         0x000000003ffe846a        0x6 
                0x000000003ffe8470                _bss_end = ABSOLUTE (.)

.data           0x000000003ffe8470       0x18
                0x000000003ffe8470                _data_start = ABSOLUTE (.)
 *(.data)
 *(.data.*)
 .data.flashchip
                0x000000003ffe8470       0x18 /Prj/esp8266/Tapparelle/build/bootloader/spi_flash/libspi_flash.a(spi_flash.o)
                0x000000003ffe8470                flashchip
 *(.gnu.linkonce.d.*)
 *(.data1)
 *(.sdata)
 *(.sdata.*)
 *(.gnu.linkonce.s.*)
 *(.sdata2)
 *(.sdata2.*)
 *(.gnu.linkonce.s2.*)
 *(.jcr)
                0x000000003ffe8488                _data_end = ABSOLUTE (.)

.rodata         0x000000003ffe8488     0x1244
                0x000000003ffe8488                _rodata_start = ABSOLUTE (.)
 *(.rodata)
 *(.rodata.*)
 .rodata.str1.4
                0x000000003ffe8488       0x21 /Prj/esp8266/Tapparelle/build/bootloader/main/libmain.a(bootloader_start.o)
 *fill*         0x000000003ffe84a9        0x3 
 .rodata.str1.4
                0x000000003ffe84ac      0x17e /Prj/esp8266/Tapparelle/build/bootloader/bootloader_support/libbootloader_support.a(bootloader_init.o)
                                        0x186 (size before relaxing)
 *fill*         0x000000003ffe862a        0x2 
 .rodata.print_flash_info
                0x000000003ffe862c       0x28 /Prj/esp8266/Tapparelle/build/bootloader/bootloader_support/libbootloader_support.a(bootloader_init.o)
 .rodata.str1.4
                0x000000003ffe8654      0x50e /Prj/esp8266/Tapparelle/build/bootloader/bootloader_support/libbootloader_support.a(bootloader_utility.o)
                                        0x516 (size before relaxing)
 *fill*         0x000000003ffe8b62        0x2 
 .rodata.str1.4
                0x000000003ffe8b64       0xdc /Prj/esp8266/Tapparelle/build/bootloader/bootloader_support/libbootloader_support.a(flash_partitions.o)
 .rodata.str1.4
                0x000000003ffe8c40      0x38f /Prj/esp8266/Tapparelle/build/bootloader/bootloader_support/libbootloader_support.a(esp_image_format.o)
                                        0x393 (size before relaxing)
 *fill*         0x000000003ffe8fcf        0x1 
 .rodata.sha256_padding$2337
                0x000000003ffe8fd0       0x40 /Prj/esp8266/Tapparelle/build/bootloader/bootloader_support/libbootloader_support.a(bootloader_sha.o)
 .rodata.K      0x000000003ffe9010      0x100 /Prj/esp8266/Tapparelle/build/bootloader/bootloader_support/libbootloader_support.a(bootloader_sha.o)
 .rodata.str1.4
                0x000000003ffe9110      0x17b /Prj/esp8266/Tapparelle/build/bootloader/bootloader_support/libbootloader_support.a(bootloader_flash.o)
 *fill*         0x000000003ffe928b        0x1 
 .rodata.str1.4
                0x000000003ffe928c       0x20 /Prj/esp8266/Tapparelle/build/bootloader/log/liblog.a(log.o)
                                         0x22 (size before relaxing)
 .rodata.s_log_prefix
                0x000000003ffe92ac        0x6 /Prj/esp8266/Tapparelle/build/bootloader/log/liblog.a(log.o)
 *fill*         0x000000003ffe92b2        0x2 
 .rodata.s_log_color
                0x000000003ffe92b4       0x18 /Prj/esp8266/Tapparelle/build/bootloader/log/liblog.a(log.o)
 .rodata.crc32_le_table
                0x000000003ffe92cc      0x400 /Prj/esp8266/Tapparelle/build/bootloader/util/libutil.a(crc.o)
 *(.gnu.linkonce.r.*)
 *(.rodata1)
                0x000000003ffe96cc                __XT_EXCEPTION_TABLE_ = ABSOLUTE (.)
 *(.xt_except_table)
 *(.gcc_except_table)
 *(.gnu.linkonce.e.*)
 *(.gnu.version_r)
 *(.eh_frame)
                0x000000003ffe96cc                . = ((. + 0x3) & 0xfffffffffffffffc)
                0x000000003ffe96cc                __init_array_start = ABSOLUTE (.)
 *crtbegin.o(.ctors)
 *(EXCLUDE_FILE(*crtend.o) .ctors)
 *(SORT(.ctors.*))
 *(.ctors)
                0x000000003ffe96cc                __init_array_end = ABSOLUTE (.)
 *crtbegin.o(.dtors)
 *(EXCLUDE_FILE(*crtend.o) .dtors)
 *(SORT(.dtors.*))
 *(.dtors)
                0x000000003ffe96cc                __XT_EXCEPTION_DESCS_ = ABSOLUTE (.)
 *(.xt_except_desc)
 *(.gnu.linkonce.h.*)
                0x000000003ffe96cc                __XT_EXCEPTION_DESCS_END__ = ABSOLUTE (.)
 *(.xt_except_desc_end)
 *(.dynamic)
 *(.gnu.version_d)
                0x000000003ffe96cc                _rodata_end = ABSOLUTE (.)
                0x000000003ffe96cc                _lit4_start = ABSOLUTE (.)
 *(*.lit4)
 *(.lit4.*)
 *(.gnu.linkonce.lit4.*)
                0x000000003ffe96cc                _lit4_end = ABSOLUTE (.)
                0x000000003ffe96cc                . = ALIGN (0x4)
                0x000000003ffe96cc                _heap_start = ABSOLUTE (.)
                0x00000000400040c0                PROVIDE (SPI_sector_erase, 0x400040c0)
                0x0000000040004174                PROVIDE (SPI_page_program, 0x40004174)
                0x00000000400042ac                PROVIDE (SPI_read_data, 0x400042ac)
                0x00000000400043c8                PROVIDE (SPI_read_status, 0x400043c8)
                0x0000000040004400                PROVIDE (SPI_write_status, 0x40004400)
                0x000000004000443c                PROVIDE (SPI_write_enable, 0x4000443c)
                0x000000004000448c                PROVIDE (Wait_SPI_Idle, 0x4000448c)
                0x00000000400044c0                PROVIDE (Enable_QMode, 0x400044c0)
                [!provide]                        PROVIDE (Disable_QMode, 0x40004508)
                0x0000000040004678                PROVIDE (Cache_Read_Enable, 0x40004678)
                0x00000000400047f0                PROVIDE (Cache_Read_Disable, 0x400047f0)
                [!provide]                        PROVIDE (lldesc_build_chain, 0x40004f40)
                [!provide]                        PROVIDE (lldesc_num2link, 0x40005050)
                [!provide]                        PROVIDE (lldesc_set_owner, 0x4000507c)
                [!provide]                        PROVIDE (__adddf3, 0x4000c538)
                [!provide]                        PROVIDE (__addsf3, 0x4000c180)
                [!provide]                        PROVIDE (__divdf3, 0x4000cb94)
                [!provide]                        PROVIDE (__divdi3, 0x4000ce60)
                [!provide]                        PROVIDE (__divsi3, 0x4000dc88)
                [!provide]                        PROVIDE (__extendsfdf2, 0x4000cdfc)
                [!provide]                        PROVIDE (__fixdfsi, 0x4000ccb8)
                [!provide]                        PROVIDE (__fixunsdfsi, 0x4000cd00)
                [!provide]                        PROVIDE (__fixunssfsi, 0x4000c4c4)
                [!provide]                        PROVIDE (__floatsidf, 0x4000e2f0)
                [!provide]                        PROVIDE (__floatsisf, 0x4000e2ac)
                [!provide]                        PROVIDE (__floatunsidf, 0x4000e2e8)
                [!provide]                        PROVIDE (__floatunsisf, 0x4000e2a4)
                [!provide]                        PROVIDE (__muldf3, 0x4000c8f0)
                [!provide]                        PROVIDE (__muldi3, 0x40000650)
                [!provide]                        PROVIDE (__mulsf3, 0x4000c3dc)
                [!provide]                        PROVIDE (__subdf3, 0x4000c688)
                [!provide]                        PROVIDE (__subsf3, 0x4000c268)
                [!provide]                        PROVIDE (__truncdfsf2, 0x4000cd5c)
                [!provide]                        PROVIDE (__udivdi3, 0x4000d310)
                [!provide]                        PROVIDE (__udivsi3, 0x4000e21c)
                [!provide]                        PROVIDE (__umoddi3, 0x4000d770)
                [!provide]                        PROVIDE (__umodsi3, 0x4000e268)
                [!provide]                        PROVIDE (__umulsidi3, 0x4000dcf0)
                [!provide]                        PROVIDE (bzero, 0x4000de84)
                0x000000004000dea8                PROVIDE (memcmp, 0x4000dea8)
                0x000000004000df48                PROVIDE (memcpy, 0x4000df48)
                [!provide]                        PROVIDE (memmove, 0x4000e04c)
                0x000000004000e190                PROVIDE (memset, 0x4000e190)
                [!provide]                        PROVIDE (strcmp, 0x4000bdc8)
                [!provide]                        PROVIDE (strcpy, 0x4000bec8)
                [!provide]                        PROVIDE (strlen, 0x4000bf4c)
                [!provide]                        PROVIDE (strncmp, 0x4000bfa8)
                [!provide]                        PROVIDE (strncpy, 0x4000c0a0)
                [!provide]                        PROVIDE (strstr, 0x4000e1e0)
                [!provide]                        PROVIDE (gpio_input_get, 0x40004cf0)
                [!provide]                        PROVIDE (gpio_pin_wakeup_disable, 0x40004ed4)
                [!provide]                        PROVIDE (gpio_pin_wakeup_enable, 0x40004e90)
                0x0000000040001f00                PROVIDE (ets_io_vprintf, 0x40001f00)
                [!provide]                        PROVIDE (ets_memcpy, 0x400018b4)
                0x0000000040004b1c                PROVIDE (SPIRead, 0x40004b1c)
                0x000000004000dd38                PROVIDE (xthal_get_ccount, 0x4000dd38)
                0x00000000400039d8                PROVIDE (uart_div_modify, 0x400039d8)
                [!provide]                        PROVIDE (ets_io_vprintf, 0x40001f00)
OUTPUT(/Prj/esp8266/Tapparelle/build/bootloader/bootloader.elf elf32-xtensa-le)

.debug_frame    0x0000000000000000      0xb60
 .debug_frame   0x0000000000000000       0x74 /Prj/esp8266/Tapparelle/build/bootloader/main/libmain.a(bootloader_start.o)
 .debug_frame   0x0000000000000074       0xb8 /Prj/esp8266/Tapparelle/build/bootloader/bootloader_support/libbootloader_support.a(bootloader_init.o)
 .debug_frame   0x000000000000012c      0x100 /Prj/esp8266/Tapparelle/build/bootloader/bootloader_support/libbootloader_support.a(bootloader_utility.o)
 .debug_frame   0x000000000000022c       0x50 /Prj/esp8266/Tapparelle/build/bootloader/bootloader_support/libbootloader_support.a(bootloader_common.o)
 .debug_frame   0x000000000000027c       0x38 /Prj/esp8266/Tapparelle/build/bootloader/bootloader_support/libbootloader_support.a(flash_partitions.o)
 .debug_frame   0x00000000000002b4      0x180 /Prj/esp8266/Tapparelle/build/bootloader/bootloader_support/libbootloader_support.a(esp_image_format.o)
 .debug_frame   0x0000000000000434       0xa0 /Prj/esp8266/Tapparelle/build/bootloader/bootloader_support/libbootloader_support.a(bootloader_sha.o)
 .debug_frame   0x00000000000004d4       0xd8 /Prj/esp8266/Tapparelle/build/bootloader/bootloader_support/libbootloader_support.a(bootloader_flash.o)
 .debug_frame   0x00000000000005ac      0x330 /Prj/esp8266/Tapparelle/build/bootloader/spi_flash/libspi_flash.a(spi_flash.o)
 .debug_frame   0x00000000000008dc      0x16c /Prj/esp8266/Tapparelle/build/bootloader/spi_flash/libspi_flash.a(spi_flash_raw.o)
 .debug_frame   0x0000000000000a48       0x58 /Prj/esp8266/Tapparelle/build/bootloader/log/liblog.a(log.o)
 .debug_frame   0x0000000000000aa0       0x80 /Prj/esp8266/Tapparelle/build/bootloader/esp8266/libesp8266.a(ets_printf.o)
 .debug_frame   0x0000000000000b20       0x40 /Prj/esp8266/Tapparelle/build/bootloader/util/libutil.a(crc.o)

.debug_info     0x0000000000000000     0x5ad7
 .debug_info    0x0000000000000000      0x4b5 /Prj/esp8266/Tapparelle/build/bootloader/main/libmain.a(bootloader_start.o)
 .debug_info    0x00000000000004b5      0x58e /Prj/esp8266/Tapparelle/build/bootloader/bootloader_support/libbootloader_support.a(bootloader_init.o)
 .debug_info    0x0000000000000a43      0xe85 /Prj/esp8266/Tapparelle/build/bootloader/bootloader_support/libbootloader_support.a(bootloader_utility.o)
 .debug_info    0x00000000000018c8      0x186 /Prj/esp8266/Tapparelle/build/bootloader/bootloader_support/libbootloader_support.a(bootloader_common.o)
 .debug_info    0x0000000000001a4e      0x405 /Prj/esp8266/Tapparelle/build/bootloader/bootloader_support/libbootloader_support.a(flash_partitions.o)
 .debug_info    0x0000000000001e53     0x1124 /Prj/esp8266/Tapparelle/build/bootloader/bootloader_support/libbootloader_support.a(esp_image_format.o)
 .debug_info    0x0000000000002f77      0x487 /Prj/esp8266/Tapparelle/build/bootloader/bootloader_support/libbootloader_support.a(bootloader_sha.o)
 .debug_info    0x00000000000033fe      0x506 /Prj/esp8266/Tapparelle/build/bootloader/bootloader_support/libbootloader_support.a(bootloader_flash.o)
 .debug_info    0x0000000000003904     0x11df /Prj/esp8266/Tapparelle/build/bootloader/spi_flash/libspi_flash.a(spi_flash.o)
 .debug_info    0x0000000000004ae3      0x75a /Prj/esp8266/Tapparelle/build/bootloader/spi_flash/libspi_flash.a(spi_flash_raw.o)
 .debug_info    0x000000000000523d      0x2c0 /Prj/esp8266/Tapparelle/build/bootloader/log/liblog.a(log.o)
 .debug_info    0x00000000000054fd      0x21f /Prj/esp8266/Tapparelle/build/bootloader/esp8266/libesp8266.a(ets_printf.o)
 .debug_info    0x000000000000571c      0x209 /Prj/esp8266/Tapparelle/build/bootloader/util/libutil.a(crc.o)
 .debug_info    0x0000000000005925       0xd9 /root/esp/xtensa-lx106-elf/bin/../lib/gcc/xtensa-lx106-elf/5.2.0/libgcc.a(_udivsi3.o)
 .debug_info    0x00000000000059fe       0xd9 /root/esp/xtensa-lx106-elf/bin/../lib/gcc/xtensa-lx106-elf/5.2.0/libgcc.a(_umodsi3.o)

.debug_abbrev   0x0000000000000000     0x14c3
 .debug_abbrev  0x0000000000000000      0x18e /Prj/esp8266/Tapparelle/build/bootloader/main/libmain.a(bootloader_start.o)
 .debug_abbrev  0x000000000000018e      0x1b0 /Prj/esp8266/Tapparelle/build/bootloader/bootloader_support/libbootloader_support.a(bootloader_init.o)
 .debug_abbrev  0x000000000000033e      0x235 /Prj/esp8266/Tapparelle/build/bootloader/bootloader_support/libbootloader_support.a(bootloader_utility.o)
 .debug_abbrev  0x0000000000000573       0xd7 /Prj/esp8266/Tapparelle/build/bootloader/bootloader_support/libbootloader_support.a(bootloader_common.o)
 .debug_abbrev  0x000000000000064a      0x17d /Prj/esp8266/Tapparelle/build/bootloader/bootloader_support/libbootloader_support.a(flash_partitions.o)
 .debug_abbrev  0x00000000000007c7      0x203 /Prj/esp8266/Tapparelle/build/bootloader/bootloader_support/libbootloader_support.a(esp_image_format.o)
 .debug_abbrev  0x00000000000009ca      0x165 /Prj/esp8266/Tapparelle/build/bootloader/bootloader_support/libbootloader_support.a(bootloader_sha.o)
 .debug_abbrev  0x0000000000000b2f      0x173 /Prj/esp8266/Tapparelle/build/bootloader/bootloader_support/libbootloader_support.a(bootloader_flash.o)
 .debug_abbrev  0x0000000000000ca2      0x2f6 /Prj/esp8266/Tapparelle/build/bootloader/spi_flash/libspi_flash.a(spi_flash.o)
 .debug_abbrev  0x0000000000000f98      0x185 /Prj/esp8266/Tapparelle/build/bootloader/spi_flash/libspi_flash.a(spi_flash_raw.o)
 .debug_abbrev  0x000000000000111d      0x176 /Prj/esp8266/Tapparelle/build/bootloader/log/liblog.a(log.o)
 .debug_abbrev  0x0000000000001293      0x159 /Prj/esp8266/Tapparelle/build/bootloader/esp8266/libesp8266.a(ets_printf.o)
 .debug_abbrev  0x00000000000013ec       0xaf /Prj/esp8266/Tapparelle/build/bootloader/util/libutil.a(crc.o)
 .debug_abbrev  0x000000000000149b       0x14 /root/esp/xtensa-lx106-elf/bin/../lib/gcc/xtensa-lx106-elf/5.2.0/libgcc.a(_udivsi3.o)
 .debug_abbrev  0x00000000000014af       0x14 /root/esp/xtensa-lx106-elf/bin/../lib/gcc/xtensa-lx106-elf/5.2.0/libgcc.a(_umodsi3.o)

.debug_loc      0x0000000000000000     0x33a0
 .debug_loc     0x0000000000000000       0x76 /Prj/esp8266/Tapparelle/build/bootloader/main/libmain.a(bootloader_start.o)
 .debug_loc     0x0000000000000076       0xf6 /Prj/esp8266/Tapparelle/build/bootloader/bootloader_support/libbootloader_support.a(bootloader_init.o)
 .debug_loc     0x000000000000016c      0x625 /Prj/esp8266/Tapparelle/build/bootloader/bootloader_support/libbootloader_support.a(bootloader_utility.o)
 .debug_loc     0x0000000000000791       0x66 /Prj/esp8266/Tapparelle/build/bootloader/bootloader_support/libbootloader_support.a(bootloader_common.o)
 .debug_loc     0x00000000000007f7      0x108 /Prj/esp8266/Tapparelle/build/bootloader/bootloader_support/libbootloader_support.a(flash_partitions.o)
 .debug_loc     0x00000000000008ff      0xc16 /Prj/esp8266/Tapparelle/build/bootloader/bootloader_support/libbootloader_support.a(esp_image_format.o)
 .debug_loc     0x0000000000001515      0x34b /Prj/esp8266/Tapparelle/build/bootloader/bootloader_support/libbootloader_support.a(bootloader_sha.o)
 .debug_loc     0x0000000000001860      0x33b /Prj/esp8266/Tapparelle/build/bootloader/bootloader_support/libbootloader_support.a(bootloader_flash.o)
 .debug_loc     0x0000000000001b9b      0xf7c /Prj/esp8266/Tapparelle/build/bootloader/spi_flash/libspi_flash.a(spi_flash.o)
 .debug_loc     0x0000000000002b17      0x5a0 /Prj/esp8266/Tapparelle/build/bootloader/spi_flash/libspi_flash.a(spi_flash_raw.o)
 .debug_loc     0x00000000000030b7       0xce /Prj/esp8266/Tapparelle/build/bootloader/log/liblog.a(log.o)
 .debug_loc     0x0000000000003185       0x9b /Prj/esp8266/Tapparelle/build/bootloader/esp8266/libesp8266.a(ets_printf.o)
 .debug_loc     0x0000000000003220      0x180 /Prj/esp8266/Tapparelle/build/bootloader/util/libutil.a(crc.o)

.debug_aranges  0x0000000000000000      0x410
 .debug_aranges
                0x0000000000000000       0x30 /Prj/esp8266/Tapparelle/build/bootloader/main/libmain.a(bootloader_start.o)
 .debug_aranges
                0x0000000000000030       0x40 /Prj/esp8266/Tapparelle/build/bootloader/bootloader_support/libbootloader_support.a(bootloader_init.o)
 .debug_aranges
                0x0000000000000070       0x50 /Prj/esp8266/Tapparelle/build/bootloader/bootloader_support/libbootloader_support.a(bootloader_utility.o)
 .debug_aranges
                0x00000000000000c0       0x28 /Prj/esp8266/Tapparelle/build/bootloader/bootloader_support/libbootloader_support.a(bootloader_common.o)
 .debug_aranges
                0x00000000000000e8       0x20 /Prj/esp8266/Tapparelle/build/bootloader/bootloader_support/libbootloader_support.a(flash_partitions.o)
 .debug_aranges
                0x0000000000000108       0x70 /Prj/esp8266/Tapparelle/build/bootloader/bootloader_support/libbootloader_support.a(esp_image_format.o)
 .debug_aranges
                0x0000000000000178       0x38 /Prj/esp8266/Tapparelle/build/bootloader/bootloader_support/libbootloader_support.a(bootloader_sha.o)
 .debug_aranges
                0x00000000000001b0       0x48 /Prj/esp8266/Tapparelle/build/bootloader/bootloader_support/libbootloader_support.a(bootloader_flash.o)
 .debug_aranges
                0x00000000000001f8       0xd8 /Prj/esp8266/Tapparelle/build/bootloader/spi_flash/libspi_flash.a(spi_flash.o)
 .debug_aranges
                0x00000000000002d0       0x70 /Prj/esp8266/Tapparelle/build/bootloader/spi_flash/libspi_flash.a(spi_flash_raw.o)
 .debug_aranges
                0x0000000000000340       0x28 /Prj/esp8266/Tapparelle/build/bootloader/log/liblog.a(log.o)
 .debug_aranges
                0x0000000000000368       0x38 /Prj/esp8266/Tapparelle/build/bootloader/esp8266/libesp8266.a(ets_printf.o)
 .debug_aranges
                0x00000000000003a0       0x30 /Prj/esp8266/Tapparelle/build/bootloader/util/libutil.a(crc.o)
 .debug_aranges
                0x00000000000003d0       0x20 /root/esp/xtensa-lx106-elf/bin/../lib/gcc/xtensa-lx106-elf/5.2.0/libgcc.a(_udivsi3.o)
 .debug_aranges
                0x00000000000003f0       0x20 /root/esp/xtensa-lx106-elf/bin/../lib/gcc/xtensa-lx106-elf/5.2.0/libgcc.a(_umodsi3.o)

.debug_ranges   0x0000000000000000      0x430
 .debug_ranges  0x0000000000000000       0x20 /Prj/esp8266/Tapparelle/build/bootloader/main/libmain.a(bootloader_start.o)
 .debug_ranges  0x0000000000000020       0x30 /Prj/esp8266/Tapparelle/build/bootloader/bootloader_support/libbootloader_support.a(bootloader_init.o)
 .debug_ranges  0x0000000000000050       0x40 /Prj/esp8266/Tapparelle/build/bootloader/bootloader_support/libbootloader_support.a(bootloader_utility.o)
 .debug_ranges  0x0000000000000090       0x18 /Prj/esp8266/Tapparelle/build/bootloader/bootloader_support/libbootloader_support.a(bootloader_common.o)
 .debug_ranges  0x00000000000000a8       0x40 /Prj/esp8266/Tapparelle/build/bootloader/bootloader_support/libbootloader_support.a(flash_partitions.o)
 .debug_ranges  0x00000000000000e8       0xa8 /Prj/esp8266/Tapparelle/build/bootloader/bootloader_support/libbootloader_support.a(esp_image_format.o)
 .debug_ranges  0x0000000000000190       0x28 /Prj/esp8266/Tapparelle/build/bootloader/bootloader_support/libbootloader_support.a(bootloader_sha.o)
 .debug_ranges  0x00000000000001b8       0x38 /Prj/esp8266/Tapparelle/build/bootloader/bootloader_support/libbootloader_support.a(bootloader_flash.o)
 .debug_ranges  0x00000000000001f0      0x180 /Prj/esp8266/Tapparelle/build/bootloader/spi_flash/libspi_flash.a(spi_flash.o)
 .debug_ranges  0x0000000000000370       0x60 /Prj/esp8266/Tapparelle/build/bootloader/spi_flash/libspi_flash.a(spi_flash_raw.o)
 .debug_ranges  0x00000000000003d0       0x18 /Prj/esp8266/Tapparelle/build/bootloader/log/liblog.a(log.o)
 .debug_ranges  0x00000000000003e8       0x28 /Prj/esp8266/Tapparelle/build/bootloader/esp8266/libesp8266.a(ets_printf.o)
 .debug_ranges  0x0000000000000410       0x20 /Prj/esp8266/Tapparelle/build/bootloader/util/libutil.a(crc.o)

.debug_line     0x0000000000000000     0x3e51
 .debug_line    0x0000000000000000      0x358 /Prj/esp8266/Tapparelle/build/bootloader/main/libmain.a(bootloader_start.o)
 .debug_line    0x0000000000000358      0x436 /Prj/esp8266/Tapparelle/build/bootloader/bootloader_support/libbootloader_support.a(bootloader_init.o)
 .debug_line    0x000000000000078e      0x80a /Prj/esp8266/Tapparelle/build/bootloader/bootloader_support/libbootloader_support.a(bootloader_utility.o)
 .debug_line    0x0000000000000f98      0x1df /Prj/esp8266/Tapparelle/build/bootloader/bootloader_support/libbootloader_support.a(bootloader_common.o)
 .debug_line    0x0000000000001177      0x312 /Prj/esp8266/Tapparelle/build/bootloader/bootloader_support/libbootloader_support.a(flash_partitions.o)
 .debug_line    0x0000000000001489      0x8de /Prj/esp8266/Tapparelle/build/bootloader/bootloader_support/libbootloader_support.a(esp_image_format.o)
 .debug_line    0x0000000000001d67      0x37e /Prj/esp8266/Tapparelle/build/bootloader/bootloader_support/libbootloader_support.a(bootloader_sha.o)
 .debug_line    0x00000000000020e5      0x374 /Prj/esp8266/Tapparelle/build/bootloader/bootloader_support/libbootloader_support.a(bootloader_flash.o)
 .debug_line    0x0000000000002459      0xb68 /Prj/esp8266/Tapparelle/build/bootloader/spi_flash/libspi_flash.a(spi_flash.o)
 .debug_line    0x0000000000002fc1      0x60b /Prj/esp8266/Tapparelle/build/bootloader/spi_flash/libspi_flash.a(spi_flash_raw.o)
 .debug_line    0x00000000000035cc      0x2a2 /Prj/esp8266/Tapparelle/build/bootloader/log/liblog.a(log.o)
 .debug_line    0x000000000000386e      0x22f /Prj/esp8266/Tapparelle/build/bootloader/esp8266/libesp8266.a(ets_printf.o)
 .debug_line    0x0000000000003a9d      0x1ac /Prj/esp8266/Tapparelle/build/bootloader/util/libutil.a(crc.o)
 .debug_line    0x0000000000003c49      0x11c /root/esp/xtensa-lx106-elf/bin/../lib/gcc/xtensa-lx106-elf/5.2.0/libgcc.a(_udivsi3.o)
 .debug_line    0x0000000000003d65       0xec /root/esp/xtensa-lx106-elf/bin/../lib/gcc/xtensa-lx106-elf/5.2.0/libgcc.a(_umodsi3.o)

.debug_str      0x0000000000000000     0x1749
 .debug_str     0x0000000000000000      0x450 /Prj/esp8266/Tapparelle/build/bootloader/main/libmain.a(bootloader_start.o)
                                        0x4d2 (size before relaxing)
 .debug_str     0x0000000000000450      0x2cc /Prj/esp8266/Tapparelle/build/bootloader/bootloader_support/libbootloader_support.a(bootloader_init.o)
                                        0x567 (size before relaxing)
 .debug_str     0x000000000000071c      0x244 /Prj/esp8266/Tapparelle/build/bootloader/bootloader_support/libbootloader_support.a(bootloader_utility.o)
                                        0x6cb (size before relaxing)
 .debug_str     0x0000000000000960       0x7b /Prj/esp8266/Tapparelle/build/bootloader/bootloader_support/libbootloader_support.a(bootloader_common.o)
                                        0x230 (size before relaxing)
 .debug_str     0x00000000000009db       0xec /Prj/esp8266/Tapparelle/build/bootloader/bootloader_support/libbootloader_support.a(flash_partitions.o)
                                        0x3ac (size before relaxing)
 .debug_str     0x0000000000000ac7      0x270 /Prj/esp8266/Tapparelle/build/bootloader/bootloader_support/libbootloader_support.a(esp_image_format.o)
                                        0x81b (size before relaxing)
 .debug_str     0x0000000000000d37       0xed /Prj/esp8266/Tapparelle/build/bootloader/bootloader_support/libbootloader_support.a(bootloader_sha.o)
                                        0x286 (size before relaxing)
 .debug_str     0x0000000000000e24      0x117 /Prj/esp8266/Tapparelle/build/bootloader/bootloader_support/libbootloader_support.a(bootloader_flash.o)
                                        0x37f (size before relaxing)
 .debug_str     0x0000000000000f3b      0x4cc /Prj/esp8266/Tapparelle/build/bootloader/spi_flash/libspi_flash.a(spi_flash.o)
                                        0x72f (size before relaxing)
 .debug_str     0x0000000000001407      0x12d /Prj/esp8266/Tapparelle/build/bootloader/spi_flash/libspi_flash.a(spi_flash_raw.o)
                                        0x4c5 (size before relaxing)
 .debug_str     0x0000000000001534      0x104 /Prj/esp8266/Tapparelle/build/bootloader/log/liblog.a(log.o)
                                        0x2a7 (size before relaxing)
 .debug_str     0x0000000000001638       0x9e /Prj/esp8266/Tapparelle/build/bootloader/esp8266/libesp8266.a(ets_printf.o)
                                        0x20a (size before relaxing)
 .debug_str     0x00000000000016d6       0x73 /Prj/esp8266/Tapparelle/build/bootloader/util/libutil.a(crc.o)
                                        0x197 (size before relaxing)

.comment        0x0000000000000000       0x3a
 .comment       0x0000000000000000       0x3a /Prj/esp8266/Tapparelle/build/bootloader/main/libmain.a(bootloader_start.o)
                                         0x3b (size before relaxing)
 .comment       0x000000000000003a       0x3b /Prj/esp8266/Tapparelle/build/bootloader/bootloader_support/libbootloader_support.a(bootloader_init.o)
 .comment       0x000000000000003a       0x3b /Prj/esp8266/Tapparelle/build/bootloader/bootloader_support/libbootloader_support.a(bootloader_utility.o)
 .comment       0x000000000000003a       0x3b /Prj/esp8266/Tapparelle/build/bootloader/bootloader_support/libbootloader_support.a(bootloader_common.o)
 .comment       0x000000000000003a       0x3b /Prj/esp8266/Tapparelle/build/bootloader/bootloader_support/libbootloader_support.a(flash_partitions.o)
 .comment       0x000000000000003a       0x3b /Prj/esp8266/Tapparelle/build/bootloader/bootloader_support/libbootloader_support.a(esp_image_format.o)
 .comment       0x000000000000003a       0x3b /Prj/esp8266/Tapparelle/build/bootloader/bootloader_support/libbootloader_support.a(bootloader_sha.o)
 .comment       0x000000000000003a       0x3b /Prj/esp8266/Tapparelle/build/bootloader/bootloader_support/libbootloader_support.a(bootloader_flash.o)
 .comment       0x000000000000003a       0x3b /Prj/esp8266/Tapparelle/build/bootloader/spi_flash/libspi_flash.a(spi_flash.o)
 .comment       0x000000000000003a       0x3b /Prj/esp8266/Tapparelle/build/bootloader/spi_flash/libspi_flash.a(spi_flash_raw.o)
 .comment       0x000000000000003a       0x3b /Prj/esp8266/Tapparelle/build/bootloader/log/liblog.a(log.o)
 .comment       0x000000000000003a       0x3b /Prj/esp8266/Tapparelle/build/bootloader/esp8266/libesp8266.a(ets_printf.o)
 .comment       0x000000000000003a       0x3b /Prj/esp8266/Tapparelle/build/bootloader/util/libutil.a(crc.o)

.xtensa.info    0x0000000000000000       0x38
 .xtensa.info   0x0000000000000000       0x38 /Prj/esp8266/Tapparelle/build/bootloader/main/libmain.a(bootloader_start.o)
 .xtensa.info   0x0000000000000038        0x0 /Prj/esp8266/Tapparelle/build/bootloader/bootloader_support/libbootloader_support.a(bootloader_init.o)
 .xtensa.info   0x0000000000000038        0x0 /Prj/esp8266/Tapparelle/build/bootloader/bootloader_support/libbootloader_support.a(bootloader_utility.o)
 .xtensa.info   0x0000000000000038        0x0 /Prj/esp8266/Tapparelle/build/bootloader/bootloader_support/libbootloader_support.a(bootloader_common.o)
 .xtensa.info   0x0000000000000038        0x0 /Prj/esp8266/Tapparelle/build/bootloader/bootloader_support/libbootloader_support.a(flash_partitions.o)
 .xtensa.info   0x0000000000000038        0x0 /Prj/esp8266/Tapparelle/build/bootloader/bootloader_support/libbootloader_support.a(esp_image_format.o)
 .xtensa.info   0x0000000000000038        0x0 /Prj/esp8266/Tapparelle/build/bootloader/bootloader_support/libbootloader_support.a(bootloader_sha.o)
 .xtensa.info   0x0000000000000038        0x0 /Prj/esp8266/Tapparelle/build/bootloader/bootloader_support/libbootloader_support.a(bootloader_flash.o)
 .xtensa.info   0x0000000000000038        0x0 /Prj/esp8266/Tapparelle/build/bootloader/spi_flash/libspi_flash.a(spi_flash.o)
 .xtensa.info   0x0000000000000038        0x0 /Prj/esp8266/Tapparelle/build/bootloader/spi_flash/libspi_flash.a(spi_flash_raw.o)
 .xtensa.info   0x0000000000000038        0x0 /Prj/esp8266/Tapparelle/build/bootloader/log/liblog.a(log.o)
 .xtensa.info   0x0000000000000038        0x0 /Prj/esp8266/Tapparelle/build/bootloader/esp8266/libesp8266.a(ets_printf.o)
 .xtensa.info   0x0000000000000038        0x0 /Prj/esp8266/Tapparelle/build/bootloader/util/libutil.a(crc.o)
 .xtensa.info   0x0000000000000038        0x0 /root/esp/xtensa-lx106-elf/bin/../lib/gcc/xtensa-lx106-elf/5.2.0/libgcc.a(_udivsi3.o)
 .xtensa.info   0x0000000000000038        0x0 /root/esp/xtensa-lx106-elf/bin/../lib/gcc/xtensa-lx106-elf/5.2.0/libgcc.a(_umodsi3.o)
